../LWIP/Target/ethernetif.c:696:9:ETH_PHY_IO_DeInit	0	static
../LWIP/Target/ethernetif.c:426:6:ethernetif_input	40	static
../LWIP/Target/ethernetif.c:350:14:low_level_output	64	static
../LWIP/Target/ethernetif.c:534:6:pbuf_free_custom	8	static
../LWIP/Target/ethernetif.c:739:9:ETH_PHY_IO_GetTick	8	static
../LWIP/Target/ethernetif.c:679:9:ETH_PHY_IO_Init	8	static
../LWIP/Target/ethernetif.c:708:9:ETH_PHY_IO_ReadReg	8	static
../LWIP/Target/ethernetif.c:725:9:ETH_PHY_IO_WriteReg	8	static
../LWIP/Target/ethernetif.c:142:6:HAL_ETH_RxCpltCallback	8	static
../LWIP/Target/ethernetif.c:151:6:HAL_ETH_TxCpltCallback	8	static
../LWIP/Target/ethernetif.c:160:6:HAL_ETH_ErrorCallback	8	static
../LWIP/Target/ethernetif.c:483:7:ethernetif_init	168	static
../LWIP/Target/ethernetif.c:557:7:sys_now	8	static
../LWIP/Target/ethernetif.c:570:6:HAL_ETH_MspInit	72	static
../LWIP/Target/ethernetif.c:633:6:HAL_ETH_MspDeInit	8	static
../LWIP/Target/ethernetif.c:748:6:ethernet_link_thread	136	static
../LWIP/Target/ethernetif.c:818:6:HAL_ETH_RxAllocateCallback	16	static
../LWIP/Target/ethernetif.c:840:6:HAL_ETH_RxLinkCallback	8	static
../LWIP/Target/ethernetif.c:877:6:HAL_ETH_TxFreeCallback	8	static
