Archive member included to satisfy reference by file (symbol)

c:/st/stm32cubeide_1.9.0/stm32cubeide/plugins/com.st.stm32cube.ide.mcu.externaltools.gnu-tools-for-stm32.10.3-2021.10.win32_1.0.0.202111181127/tools/bin/../lib/gcc/arm-none-eabi/10.3.1/../../../../arm-none-eabi/lib/thumb/v7e-m+fp/hard\libc_nano.a(lib_a-errno.o)
                              ./Core/Src/syscalls.o (__errno)
c:/st/stm32cubeide_1.9.0/stm32cubeide/plugins/com.st.stm32cube.ide.mcu.externaltools.gnu-tools-for-stm32.10.3-2021.10.win32_1.0.0.202111181127/tools/bin/../lib/gcc/arm-none-eabi/10.3.1/../../../../arm-none-eabi/lib/thumb/v7e-m+fp/hard\libc_nano.a(lib_a-exit.o)
                              c:/st/stm32cubeide_1.9.0/stm32cubeide/plugins/com.st.stm32cube.ide.mcu.externaltools.gnu-tools-for-stm32.10.3-2021.10.win32_1.0.0.202111181127/tools/bin/../lib/gcc/arm-none-eabi/10.3.1/../../../../arm-none-eabi/lib/thumb/v7e-m+fp/hard/crt0.o (exit)
c:/st/stm32cubeide_1.9.0/stm32cubeide/plugins/com.st.stm32cube.ide.mcu.externaltools.gnu-tools-for-stm32.10.3-2021.10.win32_1.0.0.202111181127/tools/bin/../lib/gcc/arm-none-eabi/10.3.1/../../../../arm-none-eabi/lib/thumb/v7e-m+fp/hard\libc_nano.a(lib_a-impure.o)
                              c:/st/stm32cubeide_1.9.0/stm32cubeide/plugins/com.st.stm32cube.ide.mcu.externaltools.gnu-tools-for-stm32.10.3-2021.10.win32_1.0.0.202111181127/tools/bin/../lib/gcc/arm-none-eabi/10.3.1/../../../../arm-none-eabi/lib/thumb/v7e-m+fp/hard\libc_nano.a(lib_a-exit.o) (_global_impure_ptr)
c:/st/stm32cubeide_1.9.0/stm32cubeide/plugins/com.st.stm32cube.ide.mcu.externaltools.gnu-tools-for-stm32.10.3-2021.10.win32_1.0.0.202111181127/tools/bin/../lib/gcc/arm-none-eabi/10.3.1/../../../../arm-none-eabi/lib/thumb/v7e-m+fp/hard\libc_nano.a(lib_a-init.o)
                              c:/st/stm32cubeide_1.9.0/stm32cubeide/plugins/com.st.stm32cube.ide.mcu.externaltools.gnu-tools-for-stm32.10.3-2021.10.win32_1.0.0.202111181127/tools/bin/../lib/gcc/arm-none-eabi/10.3.1/../../../../arm-none-eabi/lib/thumb/v7e-m+fp/hard/crt0.o (__libc_init_array)
c:/st/stm32cubeide_1.9.0/stm32cubeide/plugins/com.st.stm32cube.ide.mcu.externaltools.gnu-tools-for-stm32.10.3-2021.10.win32_1.0.0.202111181127/tools/bin/../lib/gcc/arm-none-eabi/10.3.1/../../../../arm-none-eabi/lib/thumb/v7e-m+fp/hard\libc_nano.a(lib_a-memset.o)
                              c:/st/stm32cubeide_1.9.0/stm32cubeide/plugins/com.st.stm32cube.ide.mcu.externaltools.gnu-tools-for-stm32.10.3-2021.10.win32_1.0.0.202111181127/tools/bin/../lib/gcc/arm-none-eabi/10.3.1/../../../../arm-none-eabi/lib/thumb/v7e-m+fp/hard/crt0.o (memset)
c:/st/stm32cubeide_1.9.0/stm32cubeide/plugins/com.st.stm32cube.ide.mcu.externaltools.gnu-tools-for-stm32.10.3-2021.10.win32_1.0.0.202111181127/tools/bin/../lib/gcc/arm-none-eabi/10.3.1/../../../../arm-none-eabi/lib/thumb/v7e-m+fp/hard\libc_nano.a(lib_a-strchr.o)
                              ./Drivers/STM32F4xx_HAL_Driver/Src/stm32f4xx_hal_uart.o (strchr)
c:/st/stm32cubeide_1.9.0/stm32cubeide/plugins/com.st.stm32cube.ide.mcu.externaltools.gnu-tools-for-stm32.10.3-2021.10.win32_1.0.0.202111181127/tools/bin/../lib/gcc/arm-none-eabi/10.3.1/../../../../arm-none-eabi/lib/thumb/v7e-m+fp/hard\libc_nano.a(lib_a-strncmp.o)
                              ./Core/Src/stm32f4xx_it.o (strncmp)
c:/st/stm32cubeide_1.9.0/stm32cubeide/plugins/com.st.stm32cube.ide.mcu.externaltools.gnu-tools-for-stm32.10.3-2021.10.win32_1.0.0.202111181127/tools/bin/../lib/gcc/arm-none-eabi/10.3.1/thumb/v7e-m+fp/hard\libgcc.a(_aeabi_uldivmod.o)
                              ./Drivers/STM32F4xx_HAL_Driver/Src/stm32f4xx_hal_rcc.o (__aeabi_uldivmod)
c:/st/stm32cubeide_1.9.0/stm32cubeide/plugins/com.st.stm32cube.ide.mcu.externaltools.gnu-tools-for-stm32.10.3-2021.10.win32_1.0.0.202111181127/tools/bin/../lib/gcc/arm-none-eabi/10.3.1/thumb/v7e-m+fp/hard\libgcc.a(_udivmoddi4.o)
                              c:/st/stm32cubeide_1.9.0/stm32cubeide/plugins/com.st.stm32cube.ide.mcu.externaltools.gnu-tools-for-stm32.10.3-2021.10.win32_1.0.0.202111181127/tools/bin/../lib/gcc/arm-none-eabi/10.3.1/thumb/v7e-m+fp/hard\libgcc.a(_aeabi_uldivmod.o) (__udivmoddi4)
c:/st/stm32cubeide_1.9.0/stm32cubeide/plugins/com.st.stm32cube.ide.mcu.externaltools.gnu-tools-for-stm32.10.3-2021.10.win32_1.0.0.202111181127/tools/bin/../lib/gcc/arm-none-eabi/10.3.1/thumb/v7e-m+fp/hard\libgcc.a(_dvmd_tls.o)
                              c:/st/stm32cubeide_1.9.0/stm32cubeide/plugins/com.st.stm32cube.ide.mcu.externaltools.gnu-tools-for-stm32.10.3-2021.10.win32_1.0.0.202111181127/tools/bin/../lib/gcc/arm-none-eabi/10.3.1/thumb/v7e-m+fp/hard\libgcc.a(_aeabi_uldivmod.o) (__aeabi_ldiv0)

Discarded input sections

 .text          0x0000000000000000        0x0 c:/st/stm32cubeide_1.9.0/stm32cubeide/plugins/com.st.stm32cube.ide.mcu.externaltools.gnu-tools-for-stm32.10.3-2021.10.win32_1.0.0.202111181127/tools/bin/../lib/gcc/arm-none-eabi/10.3.1/thumb/v7e-m+fp/hard/crti.o
[...]
Memory Configuration

Name             Origin             Length             Attributes
CCMRAM           0x0000000010000000 0x0000000000010000 xrw
RAM              0x0000000020000000 0x0000000000030000 xrw
FLASH            0x0000000008000000 0x0000000000200000 xr
*default*        0x0000000000000000 0xffffffffffffffff

Linker script and memory map

LOAD c:/st/stm32cubeide_1.9.0/stm32cubeide/plugins/com.st.stm32cube.ide.mcu.externaltools.gnu-tools-for-stm32.10.3-2021.10.win32_1.0.0.202111181127/tools/bin/../lib/gcc/arm-none-eabi/10.3.1/thumb/v7e-m+fp/hard/crti.o
LOAD c:/st/stm32cubeide_1.9.0/stm32cubeide/plugins/com.st.stm32cube.ide.mcu.externaltools.gnu-tools-for-stm32.10.3-2021.10.win32_1.0.0.202111181127/tools/bin/../lib/gcc/arm-none-eabi/10.3.1/thumb/v7e-m+fp/hard/crtbegin.o
LOAD c:/st/stm32cubeide_1.9.0/stm32cubeide/plugins/com.st.stm32cube.ide.mcu.externaltools.gnu-tools-for-stm32.10.3-2021.10.win32_1.0.0.202111181127/tools/bin/../lib/gcc/arm-none-eabi/10.3.1/../../../../arm-none-eabi/lib/thumb/v7e-m+fp/hard/crt0.o
LOAD ./Core/Src/main.o
LOAD ./Core/Src/stm32f4xx_hal_msp.o
LOAD ./Core/Src/stm32f4xx_it.o
LOAD ./Core/Src/syscalls.o
LOAD ./Core/Src/sysmem.o
LOAD ./Core/Src/system_stm32f4xx.o
LOAD ./Core/Startup/startup_stm32f429zitx.o
LOAD ./Drivers/STM32F4xx_HAL_Driver/Src/stm32f4xx_hal.o
LOAD ./Drivers/STM32F4xx_HAL_Driver/Src/stm32f4xx_hal_cortex.o
LOAD ./Drivers/STM32F4xx_HAL_Driver/Src/stm32f4xx_hal_dma.o
LOAD ./Drivers/STM32F4xx_HAL_Driver/Src/stm32f4xx_hal_dma_ex.o
LOAD ./Drivers/STM32F4xx_HAL_Driver/Src/stm32f4xx_hal_eth.o
LOAD ./Drivers/STM32F4xx_HAL_Driver/Src/stm32f4xx_hal_exti.o
LOAD ./Drivers/STM32F4xx_HAL_Driver/Src/stm32f4xx_hal_flash.o
LOAD ./Drivers/STM32F4xx_HAL_Driver/Src/stm32f4xx_hal_flash_ex.o
LOAD ./Drivers/STM32F4xx_HAL_Driver/Src/stm32f4xx_hal_flash_ramfunc.o
LOAD ./Drivers/STM32F4xx_HAL_Driver/Src/stm32f4xx_hal_gpio.o
LOAD ./Drivers/STM32F4xx_HAL_Driver/Src/stm32f4xx_hal_pcd.o
LOAD ./Drivers/STM32F4xx_HAL_Driver/Src/stm32f4xx_hal_pcd_ex.o
LOAD ./Drivers/STM32F4xx_HAL_Driver/Src/stm32f4xx_hal_pwr.o
LOAD ./Drivers/STM32F4xx_HAL_Driver/Src/stm32f4xx_hal_pwr_ex.o
LOAD ./Drivers/STM32F4xx_HAL_Driver/Src/stm32f4xx_hal_rcc.o
LOAD ./Drivers/STM32F4xx_HAL_Driver/Src/stm32f4xx_hal_rcc_ex.o
LOAD ./Drivers/STM32F4xx_HAL_Driver/Src/stm32f4xx_hal_tim.o
LOAD ./Drivers/STM32F4xx_HAL_Driver/Src/stm32f4xx_hal_tim_ex.o
LOAD ./Drivers/STM32F4xx_HAL_Driver/Src/stm32f4xx_hal_uart.o
LOAD ./Drivers/STM32F4xx_HAL_Driver/Src/stm32f4xx_ll_usb.o
START GROUP
LOAD c:/st/stm32cubeide_1.9.0/stm32cubeide/plugins/com.st.stm32cube.ide.mcu.externaltools.gnu-tools-for-stm32.10.3-2021.10.win32_1.0.0.202111181127/tools/bin/../lib/gcc/arm-none-eabi/10.3.1/../../../../arm-none-eabi/lib/thumb/v7e-m+fp/hard\libc_nano.a
LOAD c:/st/stm32cubeide_1.9.0/stm32cubeide/plugins/com.st.stm32cube.ide.mcu.externaltools.gnu-tools-for-stm32.10.3-2021.10.win32_1.0.0.202111181127/tools/bin/../lib/gcc/arm-none-eabi/10.3.1/../../../../arm-none-eabi/lib/thumb/v7e-m+fp/hard\libm.a
END GROUP
START GROUP
LOAD c:/st/stm32cubeide_1.9.0/stm32cubeide/plugins/com.st.stm32cube.ide.mcu.externaltools.gnu-tools-for-stm32.10.3-2021.10.win32_1.0.0.202111181127/tools/bin/../lib/gcc/arm-none-eabi/10.3.1/thumb/v7e-m+fp/hard\libgcc.a
LOAD c:/st/stm32cubeide_1.9.0/stm32cubeide/plugins/com.st.stm32cube.ide.mcu.externaltools.gnu-tools-for-stm32.10.3-2021.10.win32_1.0.0.202111181127/tools/bin/../lib/gcc/arm-none-eabi/10.3.1/../../../../arm-none-eabi/lib/thumb/v7e-m+fp/hard\libc_nano.a
END GROUP
START GROUP
LOAD c:/st/stm32cubeide_1.9.0/stm32cubeide/plugins/com.st.stm32cube.ide.mcu.externaltools.gnu-tools-for-stm32.10.3-2021.10.win32_1.0.0.202111181127/tools/bin/../lib/gcc/arm-none-eabi/10.3.1/thumb/v7e-m+fp/hard\libgcc.a
LOAD c:/st/stm32cubeide_1.9.0/stm32cubeide/plugins/com.st.stm32cube.ide.mcu.externaltools.gnu-tools-for-stm32.10.3-2021.10.win32_1.0.0.202111181127/tools/bin/../lib/gcc/arm-none-eabi/10.3.1/../../../../arm-none-eabi/lib/thumb/v7e-m+fp/hard\libc_nano.a
LOAD c:/st/stm32cubeide_1.9.0/stm32cubeide/plugins/com.st.stm32cube.ide.mcu.externaltools.gnu-tools-for-stm32.10.3-2021.10.win32_1.0.0.202111181127/tools/bin/../lib/gcc/arm-none-eabi/10.3.1/../../../../arm-none-eabi/lib/thumb/v7e-m+fp/hard\libnosys.a
END GROUP
START GROUP
LOAD c:/st/stm32cubeide_1.9.0/stm32cubeide/plugins/com.st.stm32cube.ide.mcu.externaltools.gnu-tools-for-stm32.10.3-2021.10.win32_1.0.0.202111181127/tools/bin/../lib/gcc/arm-none-eabi/10.3.1/thumb/v7e-m+fp/hard\libgcc.a
LOAD c:/st/stm32cubeide_1.9.0/stm32cubeide/plugins/com.st.stm32cube.ide.mcu.externaltools.gnu-tools-for-stm32.10.3-2021.10.win32_1.0.0.202111181127/tools/bin/../lib/gcc/arm-none-eabi/10.3.1/../../../../arm-none-eabi/lib/thumb/v7e-m+fp/hard\libc_nano.a
LOAD c:/st/stm32cubeide_1.9.0/stm32cubeide/plugins/com.st.stm32cube.ide.mcu.externaltools.gnu-tools-for-stm32.10.3-2021.10.win32_1.0.0.202111181127/tools/bin/../lib/gcc/arm-none-eabi/10.3.1/../../../../arm-none-eabi/lib/thumb/v7e-m+fp/hard\libnosys.a
END GROUP
LOAD c:/st/stm32cubeide_1.9.0/stm32cubeide/plugins/com.st.stm32cube.ide.mcu.externaltools.gnu-tools-for-stm32.10.3-2021.10.win32_1.0.0.202111181127/tools/bin/../lib/gcc/arm-none-eabi/10.3.1/thumb/v7e-m+fp/hard/crtend.o
LOAD c:/st/stm32cubeide_1.9.0/stm32cubeide/plugins/com.st.stm32cube.ide.mcu.externaltools.gnu-tools-for-stm32.10.3-2021.10.win32_1.0.0.202111181127/tools/bin/../lib/gcc/arm-none-eabi/10.3.1/thumb/v7e-m+fp/hard/crtn.o
                0x0000000020030000                _estack = (ORIGIN (RAM) + LENGTH (RAM))
                0x0000000000000200                _Min_Heap_Size = 0x200
                0x0000000000000400                _Min_Stack_Size = 0x400

.isr_vector     0x0000000008000000      0x1ac
                0x0000000008000000                . = ALIGN (0x4)
 *(.isr_vector)
 .isr_vector    0x0000000008000000      0x1ac ./Core/Startup/startup_stm32f429zitx.o
                0x0000000008000000                g_pfnVectors
                0x00000000080001ac                . = ALIGN (0x4)

.text           0x00000000080001ac     0x44ec
                0x00000000080001ac                . = ALIGN (0x4)
 *(.text)
 .text          0x00000000080001ac       0x40 c:/st/stm32cubeide_1.9.0/stm32cubeide/plugins/com.st.stm32cube.ide.mcu.externaltools.gnu-tools-for-stm32.10.3-2021.10.win32_1.0.0.202111181127/tools/bin/../lib/gcc/arm-none-eabi/10.3.1/thumb/v7e-m+fp/hard/crtbegin.o
 .text          0x00000000080001ec       0x30 c:/st/stm32cubeide_1.9.0/stm32cubeide/plugins/com.st.stm32cube.ide.mcu.externaltools.gnu-tools-for-stm32.10.3-2021.10.win32_1.0.0.202111181127/tools/bin/../lib/gcc/arm-none-eabi/10.3.1/thumb/v7e-m+fp/hard\libgcc.a(_aeabi_uldivmod.o)
                0x00000000080001ec                __aeabi_uldivmod
 .text          0x000000000800021c      0x2d0 c:/st/stm32cubeide_1.9.0/stm32cubeide/plugins/com.st.stm32cube.ide.mcu.externaltools.gnu-tools-for-stm32.10.3-2021.10.win32_1.0.0.202111181127/tools/bin/../lib/gcc/arm-none-eabi/10.3.1/thumb/v7e-m+fp/hard\libgcc.a(_udivmoddi4.o)
                0x000000000800021c                __udivmoddi4
 .text          0x00000000080004ec        0x4 c:/st/stm32cubeide_1.9.0/stm32cubeide/plugins/com.st.stm32cube.ide.mcu.externaltools.gnu-tools-for-stm32.10.3-2021.10.win32_1.0.0.202111181127/tools/bin/../lib/gcc/arm-none-eabi/10.3.1/thumb/v7e-m+fp/hard\libgcc.a(_dvmd_tls.o)
                0x00000000080004ec                __aeabi_idiv0
                0x00000000080004ec                __aeabi_ldiv0
 *(.text*)
 .text.main     0x00000000080004f0       0x34 ./Core/Src/main.o
                0x00000000080004f0                main
 .text.SystemClock_Config
                0x0000000008000524       0xd4 ./Core/Src/main.o
                0x0000000008000524                SystemClock_Config
 .text.MX_ETH_Init
                0x00000000080005f8       0x9c ./Core/Src/main.o
 .text.MX_USART3_UART_Init
                0x0000000008000694       0x58 ./Core/Src/main.o
 .text.MX_USB_OTG_FS_PCD_Init
                0x00000000080006ec       0x5c ./Core/Src/main.o
 .text.MX_DMA_Init
                0x0000000008000748       0x50 ./Core/Src/main.o
 .text.MX_GPIO_Init
                0x0000000008000798      0x16c ./Core/Src/main.o
 .text.Error_Handler
                0x0000000008000904        0xa ./Core/Src/main.o
                0x0000000008000904                Error_Handler
 *fill*         0x000000000800090e        0x2 
 .text.HAL_MspInit
                0x0000000008000910       0x50 ./Core/Src/stm32f4xx_hal_msp.o
                0x0000000008000910                HAL_MspInit
 .text.HAL_ETH_MspInit
                0x0000000008000960      0x18c ./Core/Src/stm32f4xx_hal_msp.o
                0x0000000008000960                HAL_ETH_MspInit
 .text.HAL_UART_MspInit
                0x0000000008000aec      0x16c ./Core/Src/stm32f4xx_hal_msp.o
                0x0000000008000aec                HAL_UART_MspInit
 .text.HAL_PCD_MspInit
                0x0000000008000c58       0xb4 ./Core/Src/stm32f4xx_hal_msp.o
                0x0000000008000c58                HAL_PCD_MspInit
 .text.NMI_Handler
                0x0000000008000d0c        0x6 ./Core/Src/stm32f4xx_it.o
                0x0000000008000d0c                NMI_Handler
 .text.HardFault_Handler
                0x0000000008000d12        0x6 ./Core/Src/stm32f4xx_it.o
                0x0000000008000d12                HardFault_Handler
 .text.MemManage_Handler
                0x0000000008000d18        0x6 ./Core/Src/stm32f4xx_it.o
                0x0000000008000d18                MemManage_Handler
 .text.BusFault_Handler
                0x0000000008000d1e        0x6 ./Core/Src/stm32f4xx_it.o
                0x0000000008000d1e                BusFault_Handler
 .text.UsageFault_Handler
                0x0000000008000d24        0x6 ./Core/Src/stm32f4xx_it.o
                0x0000000008000d24                UsageFault_Handler
 .text.SVC_Handler
                0x0000000008000d2a        0xe ./Core/Src/stm32f4xx_it.o
                0x0000000008000d2a                SVC_Handler
 .text.DebugMon_Handler
                0x0000000008000d38        0xe ./Core/Src/stm32f4xx_it.o
                0x0000000008000d38                DebugMon_Handler
 .text.PendSV_Handler
                0x0000000008000d46        0xe ./Core/Src/stm32f4xx_it.o
                0x0000000008000d46                PendSV_Handler
 .text.SysTick_Handler
                0x0000000008000d54        0xc ./Core/Src/stm32f4xx_it.o
                0x0000000008000d54                SysTick_Handler
 .text.DMA1_Stream1_IRQHandler
                0x0000000008000d60       0x14 ./Core/Src/stm32f4xx_it.o
                0x0000000008000d60                DMA1_Stream1_IRQHandler
 .text.DMA1_Stream3_IRQHandler
                0x0000000008000d74       0x14 ./Core/Src/stm32f4xx_it.o
                0x0000000008000d74                DMA1_Stream3_IRQHandler
 .text.USART3_IRQHandler
                0x0000000008000d88       0x14 ./Core/Src/stm32f4xx_it.o
                0x0000000008000d88                USART3_IRQHandler
 .text.HAL_UART_RxCpltCallback
                0x0000000008000d9c       0xbc ./Core/Src/stm32f4xx_it.o
                0x0000000008000d9c                HAL_UART_RxCpltCallback
 .text.HAL_UART_ErrorCallback
                0x0000000008000e58       0x24 ./Core/Src/stm32f4xx_it.o
                0x0000000008000e58                HAL_UART_ErrorCallback
 .text.EXTI15_10_IRQHandler
                0x0000000008000e7c       0x10 ./Core/Src/stm32f4xx_it.o
                0x0000000008000e7c                EXTI15_10_IRQHandler
 .text.SystemInit
                0x0000000008000e8c       0x24 ./Core/Src/system_stm32f4xx.o
                0x0000000008000e8c                SystemInit
 .text.Reset_Handler
                0x0000000008000eb0       0x50 ./Core/Startup/startup_stm32f429zitx.o
                0x0000000008000eb0                Reset_Handler
 .text.Default_Handler
                0x0000000008000f00        0x2 ./Core/Startup/startup_stm32f429zitx.o
                0x0000000008000f00                RTC_Alarm_IRQHandler
                0x0000000008000f00                HASH_RNG_IRQHandler
                0x0000000008000f00                EXTI2_IRQHandler
                0x0000000008000f00                TIM8_CC_IRQHandler
                0x0000000008000f00                UART8_IRQHandler
                0x0000000008000f00                SPI4_IRQHandler
                0x0000000008000f00                TIM1_CC_IRQHandler
                0x0000000008000f00                DMA2_Stream5_IRQHandler
                0x0000000008000f00                DMA1_Stream5_IRQHandler
                0x0000000008000f00                PVD_IRQHandler
                0x0000000008000f00                SDIO_IRQHandler
                0x0000000008000f00                TAMP_STAMP_IRQHandler
                0x0000000008000f00                CAN2_RX1_IRQHandler
                0x0000000008000f00                EXTI3_IRQHandler
                0x0000000008000f00                TIM8_TRG_COM_TIM14_IRQHandler
                0x0000000008000f00                TIM1_UP_TIM10_IRQHandler
                0x0000000008000f00                TIM8_UP_TIM13_IRQHandler
                0x0000000008000f00                I2C3_ER_IRQHandler
                0x0000000008000f00                EXTI0_IRQHandler
                0x0000000008000f00                I2C2_EV_IRQHandler
                0x0000000008000f00                DMA1_Stream2_IRQHandler
                0x0000000008000f00                CAN1_RX0_IRQHandler
                0x0000000008000f00                FPU_IRQHandler
                0x0000000008000f00                OTG_HS_WKUP_IRQHandler
                0x0000000008000f00                LTDC_ER_IRQHandler
                0x0000000008000f00                CAN2_SCE_IRQHandler
                0x0000000008000f00                DMA2_Stream2_IRQHandler
                0x0000000008000f00                SPI1_IRQHandler
                0x0000000008000f00                TIM6_DAC_IRQHandler
                0x0000000008000f00                TIM1_BRK_TIM9_IRQHandler
                0x0000000008000f00                DCMI_IRQHandler
                0x0000000008000f00                CAN2_RX0_IRQHandler
                0x0000000008000f00                DMA2_Stream3_IRQHandler
                0x0000000008000f00                USART6_IRQHandler
                0x0000000008000f00                CAN1_RX1_IRQHandler
                0x0000000008000f00                UART5_IRQHandler
                0x0000000008000f00                DMA2_Stream0_IRQHandler
                0x0000000008000f00                TIM4_IRQHandler
                0x0000000008000f00                I2C1_EV_IRQHandler
                0x0000000008000f00                DMA1_Stream6_IRQHandler
                0x0000000008000f00                UART4_IRQHandler
                0x0000000008000f00                TIM3_IRQHandler
                0x0000000008000f00                RCC_IRQHandler
                0x0000000008000f00                TIM8_BRK_TIM12_IRQHandler
                0x0000000008000f00                Default_Handler
                0x0000000008000f00                ADC_IRQHandler
                0x0000000008000f00                DMA1_Stream7_IRQHandler
                0x0000000008000f00                SPI5_IRQHandler
                0x0000000008000f00                TIM7_IRQHandler
                0x0000000008000f00                CAN2_TX_IRQHandler
                0x0000000008000f00                TIM5_IRQHandler
                0x0000000008000f00                DMA2_Stream7_IRQHandler
                0x0000000008000f00                I2C3_EV_IRQHandler
                0x0000000008000f00                EXTI9_5_IRQHandler
                0x0000000008000f00                RTC_WKUP_IRQHandler
                0x0000000008000f00                LTDC_IRQHandler
                0x0000000008000f00                ETH_WKUP_IRQHandler
                0x0000000008000f00                SPI2_IRQHandler
                0x0000000008000f00                OTG_HS_EP1_IN_IRQHandler
                0x0000000008000f00                DMA1_Stream0_IRQHandler
                0x0000000008000f00                CAN1_TX_IRQHandler
                0x0000000008000f00                EXTI4_IRQHandler
                0x0000000008000f00                ETH_IRQHandler
                0x0000000008000f00                OTG_HS_EP1_OUT_IRQHandler
                0x0000000008000f00                WWDG_IRQHandler
                0x0000000008000f00                SPI6_IRQHandler
                0x0000000008000f00                TIM2_IRQHandler
                0x0000000008000f00                OTG_FS_WKUP_IRQHandler
                0x0000000008000f00                TIM1_TRG_COM_TIM11_IRQHandler
                0x0000000008000f00                OTG_HS_IRQHandler
                0x0000000008000f00                DMA2D_IRQHandler
                0x0000000008000f00                EXTI1_IRQHandler
                0x0000000008000f00                UART7_IRQHandler
                0x0000000008000f00                USART2_IRQHandler
                0x0000000008000f00                I2C2_ER_IRQHandler
                0x0000000008000f00                DMA2_Stream1_IRQHandler
                0x0000000008000f00                CAN1_SCE_IRQHandler
                0x0000000008000f00                FLASH_IRQHandler
                0x0000000008000f00                DMA2_Stream4_IRQHandler
                0x0000000008000f00                USART1_IRQHandler
                0x0000000008000f00                OTG_FS_IRQHandler
                0x0000000008000f00                SPI3_IRQHandler
                0x0000000008000f00                DMA1_Stream4_IRQHandler
                0x0000000008000f00                I2C1_ER_IRQHandler
                0x0000000008000f00                FMC_IRQHandler
                0x0000000008000f00                DMA2_Stream6_IRQHandler
                0x0000000008000f00                SAI1_IRQHandler
 *fill*         0x0000000008000f02        0x2 
 .text.HAL_Init
                0x0000000008000f04       0x44 ./Drivers/STM32F4xx_HAL_Driver/Src/stm32f4xx_hal.o
                0x0000000008000f04                HAL_Init
 .text.HAL_InitTick
                0x0000000008000f48       0x60 ./Drivers/STM32F4xx_HAL_Driver/Src/stm32f4xx_hal.o
                0x0000000008000f48                HAL_InitTick
 .text.HAL_IncTick
                0x0000000008000fa8       0x28 ./Drivers/STM32F4xx_HAL_Driver/Src/stm32f4xx_hal.o
                0x0000000008000fa8                HAL_IncTick
 .text.HAL_GetTick
                0x0000000008000fd0       0x18 ./Drivers/STM32F4xx_HAL_Driver/Src/stm32f4xx_hal.o
                0x0000000008000fd0                HAL_GetTick
 .text.HAL_Delay
                0x0000000008000fe8       0x48 ./Drivers/STM32F4xx_HAL_Driver/Src/stm32f4xx_hal.o
                0x0000000008000fe8                HAL_Delay
 .text.__NVIC_SetPriorityGrouping
                0x0000000008001030       0x48 ./Drivers/STM32F4xx_HAL_Driver/Src/stm32f4xx_hal_cortex.o
 .text.__NVIC_GetPriorityGrouping
                0x0000000008001078       0x1c ./Drivers/STM32F4xx_HAL_Driver/Src/stm32f4xx_hal_cortex.o
 .text.__NVIC_EnableIRQ
                0x0000000008001094       0x3c ./Drivers/STM32F4xx_HAL_Driver/Src/stm32f4xx_hal_cortex.o
 .text.__NVIC_SetPriority
                0x00000000080010d0       0x54 ./Drivers/STM32F4xx_HAL_Driver/Src/stm32f4xx_hal_cortex.o
 .text.NVIC_EncodePriority
                0x0000000008001124       0x66 ./Drivers/STM32F4xx_HAL_Driver/Src/stm32f4xx_hal_cortex.o
 *fill*         0x000000000800118a        0x2 
 .text.SysTick_Config
                0x000000000800118c       0x44 ./Drivers/STM32F4xx_HAL_Driver/Src/stm32f4xx_hal_cortex.o
 .text.HAL_NVIC_SetPriorityGrouping
                0x00000000080011d0       0x16 ./Drivers/STM32F4xx_HAL_Driver/Src/stm32f4xx_hal_cortex.o
                0x00000000080011d0                HAL_NVIC_SetPriorityGrouping
 .text.HAL_NVIC_SetPriority
                0x00000000080011e6       0x38 ./Drivers/STM32F4xx_HAL_Driver/Src/stm32f4xx_hal_cortex.o
                0x00000000080011e6                HAL_NVIC_SetPriority
 .text.HAL_NVIC_EnableIRQ
                0x000000000800121e       0x1c ./Drivers/STM32F4xx_HAL_Driver/Src/stm32f4xx_hal_cortex.o
                0x000000000800121e                HAL_NVIC_EnableIRQ
 .text.HAL_SYSTICK_Config
                0x000000000800123a       0x18 ./Drivers/STM32F4xx_HAL_Driver/Src/stm32f4xx_hal_cortex.o
                0x000000000800123a                HAL_SYSTICK_Config
 *fill*         0x0000000008001252        0x2 
 .text.HAL_DMA_Init
                0x0000000008001254      0x15c ./Drivers/STM32F4xx_HAL_Driver/Src/stm32f4xx_hal_dma.o
                0x0000000008001254                HAL_DMA_Init
 .text.HAL_DMA_Abort
                0x00000000080013b0       0xe0 ./Drivers/STM32F4xx_HAL_Driver/Src/stm32f4xx_hal_dma.o
                0x00000000080013b0                HAL_DMA_Abort
 .text.HAL_DMA_Abort_IT
                0x0000000008001490       0x44 ./Drivers/STM32F4xx_HAL_Driver/Src/stm32f4xx_hal_dma.o
                0x0000000008001490                HAL_DMA_Abort_IT
 .text.HAL_DMA_IRQHandler
                0x00000000080014d4      0x314 ./Drivers/STM32F4xx_HAL_Driver/Src/stm32f4xx_hal_dma.o
                0x00000000080014d4                HAL_DMA_IRQHandler
 .text.DMA_CalcBaseAndBitshift
                0x00000000080017e8       0x6c ./Drivers/STM32F4xx_HAL_Driver/Src/stm32f4xx_hal_dma.o
 .text.DMA_CheckFifoParam
                0x0000000008001854       0xf8 ./Drivers/STM32F4xx_HAL_Driver/Src/stm32f4xx_hal_dma.o
 .text.HAL_ETH_Init
                0x000000000800194c       0xfc ./Drivers/STM32F4xx_HAL_Driver/Src/stm32f4xx_hal_eth.o
                0x000000000800194c                HAL_ETH_Init
 .text.ETH_SetMACConfig
                0x0000000008001a48      0x138 ./Drivers/STM32F4xx_HAL_Driver/Src/stm32f4xx_hal_eth.o
 .text.ETH_SetDMAConfig
                0x0000000008001b80      0x114 ./Drivers/STM32F4xx_HAL_Driver/Src/stm32f4xx_hal_eth.o
 .text.ETH_MACDMAConfig
                0x0000000008001c94       0xe4 ./Drivers/STM32F4xx_HAL_Driver/Src/stm32f4xx_hal_eth.o
 .text.ETH_MACAddressConfig
                0x0000000008001d78       0x70 ./Drivers/STM32F4xx_HAL_Driver/Src/stm32f4xx_hal_eth.o
 .text.ETH_DMATxDescListInit
                0x0000000008001de8       0xb2 ./Drivers/STM32F4xx_HAL_Driver/Src/stm32f4xx_hal_eth.o
 .text.ETH_DMARxDescListInit
                0x0000000008001e9a       0xda ./Drivers/STM32F4xx_HAL_Driver/Src/stm32f4xx_hal_eth.o
 .text.HAL_GPIO_Init
                0x0000000008001f74      0x358 ./Drivers/STM32F4xx_HAL_Driver/Src/stm32f4xx_hal_gpio.o
                0x0000000008001f74                HAL_GPIO_Init
 .text.HAL_GPIO_WritePin
                0x00000000080022cc       0x32 ./Drivers/STM32F4xx_HAL_Driver/Src/stm32f4xx_hal_gpio.o
                0x00000000080022cc                HAL_GPIO_WritePin
 .text.HAL_GPIO_TogglePin
                0x00000000080022fe       0x34 ./Drivers/STM32F4xx_HAL_Driver/Src/stm32f4xx_hal_gpio.o
                0x00000000080022fe                HAL_GPIO_TogglePin
 *fill*         0x0000000008002332        0x2 
 .text.HAL_GPIO_EXTI_IRQHandler
                0x0000000008002334       0x30 ./Drivers/STM32F4xx_HAL_Driver/Src/stm32f4xx_hal_gpio.o
                0x0000000008002334                HAL_GPIO_EXTI_IRQHandler
 .text.HAL_GPIO_EXTI_Callback
                0x0000000008002364       0x16 ./Drivers/STM32F4xx_HAL_Driver/Src/stm32f4xx_hal_gpio.o
                0x0000000008002364                HAL_GPIO_EXTI_Callback
 .text.HAL_PCD_Init
                0x000000000800237a      0x23a ./Drivers/STM32F4xx_HAL_Driver/Src/stm32f4xx_hal_pcd.o
                0x000000000800237a                HAL_PCD_Init
 .text.HAL_RCC_OscConfig
                0x00000000080025b4      0x4f0 ./Drivers/STM32F4xx_HAL_Driver/Src/stm32f4xx_hal_rcc.o
                0x00000000080025b4                HAL_RCC_OscConfig
 .text.HAL_RCC_ClockConfig
                0x0000000008002aa4      0x1cc ./Drivers/STM32F4xx_HAL_Driver/Src/stm32f4xx_hal_rcc.o
                0x0000000008002aa4                HAL_RCC_ClockConfig
 .text.HAL_RCC_GetSysClockFreq
                0x0000000008002c70      0x20c ./Drivers/STM32F4xx_HAL_Driver/Src/stm32f4xx_hal_rcc.o
                0x0000000008002c70                HAL_RCC_GetSysClockFreq
 .text.HAL_RCC_GetHCLKFreq
                0x0000000008002e7c       0x18 ./Drivers/STM32F4xx_HAL_Driver/Src/stm32f4xx_hal_rcc.o
                0x0000000008002e7c                HAL_RCC_GetHCLKFreq
 .text.HAL_RCC_GetPCLK1Freq
                0x0000000008002e94       0x28 ./Drivers/STM32F4xx_HAL_Driver/Src/stm32f4xx_hal_rcc.o
                0x0000000008002e94                HAL_RCC_GetPCLK1Freq
 .text.HAL_RCC_GetPCLK2Freq
                0x0000000008002ebc       0x28 ./Drivers/STM32F4xx_HAL_Driver/Src/stm32f4xx_hal_rcc.o
                0x0000000008002ebc                HAL_RCC_GetPCLK2Freq
 .text.HAL_UART_Init
                0x0000000008002ee4       0x9a ./Drivers/STM32F4xx_HAL_Driver/Src/stm32f4xx_hal_uart.o
                0x0000000008002ee4                HAL_UART_Init
 .text.HAL_UART_Transmit
                0x0000000008002f7e      0x124 ./Drivers/STM32F4xx_HAL_Driver/Src/stm32f4xx_hal_uart.o
                0x0000000008002f7e                HAL_UART_Transmit
 .text.HAL_UART_Receive_IT
                0x00000000080030a2       0x66 ./Drivers/STM32F4xx_HAL_Driver/Src/stm32f4xx_hal_uart.o
                0x00000000080030a2                HAL_UART_Receive_IT
 .text.HAL_UART_IRQHandler
                0x0000000008003108      0x51c ./Drivers/STM32F4xx_HAL_Driver/Src/stm32f4xx_hal_uart.o
                0x0000000008003108                HAL_UART_IRQHandler
 .text.HAL_UART_TxCpltCallback
                0x0000000008003624       0x14 ./Drivers/STM32F4xx_HAL_Driver/Src/stm32f4xx_hal_uart.o
                0x0000000008003624                HAL_UART_TxCpltCallback
 .text.HAL_UARTEx_RxEventCallback
                0x0000000008003638       0x18 ./Drivers/STM32F4xx_HAL_Driver/Src/stm32f4xx_hal_uart.o
                0x0000000008003638                HAL_UARTEx_RxEventCallback
 .text.UART_WaitOnFlagUntilTimeout
                0x0000000008003650       0xdc ./Drivers/STM32F4xx_HAL_Driver/Src/stm32f4xx_hal_uart.o
 .text.UART_Start_Receive_IT
                0x000000000800372c       0x7c ./Drivers/STM32F4xx_HAL_Driver/Src/stm32f4xx_hal_uart.o
                0x000000000800372c                UART_Start_Receive_IT
 .text.UART_EndRxTransfer
                0x00000000080037a8       0xc6 ./Drivers/STM32F4xx_HAL_Driver/Src/stm32f4xx_hal_uart.o
 .text.UART_DMAAbortOnError
                0x000000000800386e       0x28 ./Drivers/STM32F4xx_HAL_Driver/Src/stm32f4xx_hal_uart.o
 .text.UART_Transmit_IT
                0x0000000008003896       0xa0 ./Drivers/STM32F4xx_HAL_Driver/Src/stm32f4xx_hal_uart.o
 .text.UART_EndTransmit_IT
                0x0000000008003936       0x30 ./Drivers/STM32F4xx_HAL_Driver/Src/stm32f4xx_hal_uart.o
 .text.UART_Receive_IT
                0x0000000008003966      0x190 ./Drivers/STM32F4xx_HAL_Driver/Src/stm32f4xx_hal_uart.o
 *fill*         0x0000000008003af6        0x2 
 .text.UART_SetConfig
                0x0000000008003af8      0x4e8 ./Drivers/STM32F4xx_HAL_Driver/Src/stm32f4xx_hal_uart.o
 .text.USB_CoreInit
                0x0000000008003fe0       0xc2 ./Drivers/STM32F4xx_HAL_Driver/Src/stm32f4xx_ll_usb.o
                0x0000000008003fe0                USB_CoreInit
 .text.USB_DisableGlobalInt
                0x00000000080040a2       0x22 ./Drivers/STM32F4xx_HAL_Driver/Src/stm32f4xx_ll_usb.o
                0x00000000080040a2                USB_DisableGlobalInt
 .text.USB_SetCurrentMode
                0x00000000080040c4       0x98 ./Drivers/STM32F4xx_HAL_Driver/Src/stm32f4xx_ll_usb.o
                0x00000000080040c4                USB_SetCurrentMode
 .text.USB_DevInit
                0x000000000800415c      0x2c8 ./Drivers/STM32F4xx_HAL_Driver/Src/stm32f4xx_ll_usb.o
                0x000000000800415c                USB_DevInit
 .text.USB_FlushTxFifo
                0x0000000008004424       0x68 ./Drivers/STM32F4xx_HAL_Driver/Src/stm32f4xx_ll_usb.o
                0x0000000008004424                USB_FlushTxFifo
 .text.USB_FlushRxFifo
                0x000000000800448c       0x60 ./Drivers/STM32F4xx_HAL_Driver/Src/stm32f4xx_ll_usb.o
                0x000000000800448c                USB_FlushRxFifo
 .text.USB_SetDevSpeed
                0x00000000080044ec       0x32 ./Drivers/STM32F4xx_HAL_Driver/Src/stm32f4xx_ll_usb.o
                0x00000000080044ec                USB_SetDevSpeed
 .text.USB_DevDisconnect
                0x000000000800451e       0x42 ./Drivers/STM32F4xx_HAL_Driver/Src/stm32f4xx_ll_usb.o
                0x000000000800451e                USB_DevDisconnect
 .text.USB_GetMode
                0x0000000008004560       0x1c ./Drivers/STM32F4xx_HAL_Driver/Src/stm32f4xx_ll_usb.o
                0x0000000008004560                USB_GetMode
 .text.USB_CoreReset
                0x000000000800457c       0x68 ./Drivers/STM32F4xx_HAL_Driver/Src/stm32f4xx_ll_usb.o
 .text.__libc_init_array
                0x00000000080045e4       0x48 c:/st/stm32cubeide_1.9.0/stm32cubeide/plugins/com.st.stm32cube.ide.mcu.externaltools.gnu-tools-for-stm32.10.3-2021.10.win32_1.0.0.202111181127/tools/bin/../lib/gcc/arm-none-eabi/10.3.1/../../../../arm-none-eabi/lib/thumb/v7e-m+fp/hard\libc_nano.a(lib_a-init.o)
                0x00000000080045e4                __libc_init_array
 .text.memset   0x000000000800462c       0x10 c:/st/stm32cubeide_1.9.0/stm32cubeide/plugins/com.st.stm32cube.ide.mcu.externaltools.gnu-tools-for-stm32.10.3-2021.10.win32_1.0.0.202111181127/tools/bin/../lib/gcc/arm-none-eabi/10.3.1/../../../../arm-none-eabi/lib/thumb/v7e-m+fp/hard\libc_nano.a(lib_a-memset.o)
                0x000000000800462c                memset
 .text.strchr   0x000000000800463c       0x1a c:/st/stm32cubeide_1.9.0/stm32cubeide/plugins/com.st.stm32cube.ide.mcu.externaltools.gnu-tools-for-stm32.10.3-2021.10.win32_1.0.0.202111181127/tools/bin/../lib/gcc/arm-none-eabi/10.3.1/../../../../arm-none-eabi/lib/thumb/v7e-m+fp/hard\libc_nano.a(lib_a-strchr.o)
                0x000000000800463c                strchr
 .text.strncmp  0x0000000008004656       0x28 c:/st/stm32cubeide_1.9.0/stm32cubeide/plugins/com.st.stm32cube.ide.mcu.externaltools.gnu-tools-for-stm32.10.3-2021.10.win32_1.0.0.202111181127/tools/bin/../lib/gcc/arm-none-eabi/10.3.1/../../../../arm-none-eabi/lib/thumb/v7e-m+fp/hard\libc_nano.a(lib_a-strncmp.o)
                0x0000000008004656                strncmp
 *(.glue_7)
 .glue_7        0x000000000800467e        0x0 linker stubs
 *(.glue_7t)
 .glue_7t       0x000000000800467e        0x0 linker stubs
 *(.eh_frame)
 *fill*         0x000000000800467e        0x2 
 .eh_frame      0x0000000008004680        0x0 c:/st/stm32cubeide_1.9.0/stm32cubeide/plugins/com.st.stm32cube.ide.mcu.externaltools.gnu-tools-for-stm32.10.3-2021.10.win32_1.0.0.202111181127/tools/bin/../lib/gcc/arm-none-eabi/10.3.1/thumb/v7e-m+fp/hard/crtbegin.o
 *(.init)
 .init          0x0000000008004680        0x4 c:/st/stm32cubeide_1.9.0/stm32cubeide/plugins/com.st.stm32cube.ide.mcu.externaltools.gnu-tools-for-stm32.10.3-2021.10.win32_1.0.0.202111181127/tools/bin/../lib/gcc/arm-none-eabi/10.3.1/thumb/v7e-m+fp/hard/crti.o
                0x0000000008004680                _init
 .init          0x0000000008004684        0x8 c:/st/stm32cubeide_1.9.0/stm32cubeide/plugins/com.st.stm32cube.ide.mcu.externaltools.gnu-tools-for-stm32.10.3-2021.10.win32_1.0.0.202111181127/tools/bin/../lib/gcc/arm-none-eabi/10.3.1/thumb/v7e-m+fp/hard/crtn.o
 *(.fini)
 .fini          0x000000000800468c        0x4 c:/st/stm32cubeide_1.9.0/stm32cubeide/plugins/com.st.stm32cube.ide.mcu.externaltools.gnu-tools-for-stm32.10.3-2021.10.win32_1.0.0.202111181127/tools/bin/../lib/gcc/arm-none-eabi/10.3.1/thumb/v7e-m+fp/hard/crti.o
                0x000000000800468c                _fini
 .fini          0x0000000008004690        0x8 c:/st/stm32cubeide_1.9.0/stm32cubeide/plugins/com.st.stm32cube.ide.mcu.externaltools.gnu-tools-for-stm32.10.3-2021.10.win32_1.0.0.202111181127/tools/bin/../lib/gcc/arm-none-eabi/10.3.1/thumb/v7e-m+fp/hard/crtn.o
                0x0000000008004698                . = ALIGN (0x4)
                0x0000000008004698                _etext = .

.vfp11_veneer   0x0000000008004698        0x0
 .vfp11_veneer  0x0000000008004698        0x0 linker stubs

.v4_bx          0x0000000008004698        0x0
 .v4_bx         0x0000000008004698        0x0 linker stubs

.iplt           0x0000000008004698        0x0
 .iplt          0x0000000008004698        0x0 c:/st/stm32cubeide_1.9.0/stm32cubeide/plugins/com.st.stm32cube.ide.mcu.externaltools.gnu-tools-for-stm32.10.3-2021.10.win32_1.0.0.202111181127/tools/bin/../lib/gcc/arm-none-eabi/10.3.1/thumb/v7e-m+fp/hard/crtbegin.o

.rodata         0x0000000008004698       0x2c
                0x0000000008004698                . = ALIGN (0x4)
 *(.rodata)
 .rodata        0x0000000008004698        0x9 ./Core/Src/stm32f4xx_it.o
 *(.rodata*)
 *fill*         0x00000000080046a1        0x3 
 .rodata.AHBPrescTable
                0x00000000080046a4       0x10 ./Core/Src/system_stm32f4xx.o
                0x00000000080046a4                AHBPrescTable
 .rodata.APBPrescTable
                0x00000000080046b4        0x8 ./Core/Src/system_stm32f4xx.o
                0x00000000080046b4                APBPrescTable
 .rodata.flagBitshiftOffset.0
                0x00000000080046bc        0x8 ./Drivers/STM32F4xx_HAL_Driver/Src/stm32f4xx_hal_dma.o
                0x00000000080046c4                . = ALIGN (0x4)

.ARM.extab      0x00000000080046c4        0x0
                0x00000000080046c4                . = ALIGN (0x4)
 *(.ARM.extab* .gnu.linkonce.armextab.*)
                0x00000000080046c4                . = ALIGN (0x4)

.ARM            0x00000000080046c4        0x8
                0x00000000080046c4                . = ALIGN (0x4)
                0x00000000080046c4                __exidx_start = .
 *(.ARM.exidx*)
 .ARM.exidx     0x00000000080046c4        0x8 c:/st/stm32cubeide_1.9.0/stm32cubeide/plugins/com.st.stm32cube.ide.mcu.externaltools.gnu-tools-for-stm32.10.3-2021.10.win32_1.0.0.202111181127/tools/bin/../lib/gcc/arm-none-eabi/10.3.1/thumb/v7e-m+fp/hard\libgcc.a(_udivmoddi4.o)
                0x00000000080046cc                __exidx_end = .
                0x00000000080046cc                . = ALIGN (0x4)

.rel.dyn        0x00000000080046cc        0x0
 .rel.iplt      0x00000000080046cc        0x0 c:/st/stm32cubeide_1.9.0/stm32cubeide/plugins/com.st.stm32cube.ide.mcu.externaltools.gnu-tools-for-stm32.10.3-2021.10.win32_1.0.0.202111181127/tools/bin/../lib/gcc/arm-none-eabi/10.3.1/thumb/v7e-m+fp/hard/crtbegin.o

.preinit_array  0x00000000080046cc        0x0
                0x00000000080046cc                . = ALIGN (0x4)
                0x00000000080046cc                PROVIDE (__preinit_array_start = .)
 *(.preinit_array*)
                0x00000000080046cc                PROVIDE (__preinit_array_end = .)
                0x00000000080046cc                . = ALIGN (0x4)

.init_array     0x00000000080046cc        0x4
                0x00000000080046cc                . = ALIGN (0x4)
                0x00000000080046cc                PROVIDE (__init_array_start = .)
 *(SORT_BY_NAME(.init_array.*))
 *(.init_array*)
 .init_array    0x00000000080046cc        0x4 c:/st/stm32cubeide_1.9.0/stm32cubeide/plugins/com.st.stm32cube.ide.mcu.externaltools.gnu-tools-for-stm32.10.3-2021.10.win32_1.0.0.202111181127/tools/bin/../lib/gcc/arm-none-eabi/10.3.1/thumb/v7e-m+fp/hard/crtbegin.o
                0x00000000080046d0                PROVIDE (__init_array_end = .)
                0x00000000080046d0                . = ALIGN (0x4)

.fini_array     0x00000000080046d0        0x4
                0x00000000080046d0                . = ALIGN (0x4)
                [!provide]                        PROVIDE (__fini_array_start = .)
 *(SORT_BY_NAME(.fini_array.*))
 *(.fini_array*)
 .fini_array    0x00000000080046d0        0x4 c:/st/stm32cubeide_1.9.0/stm32cubeide/plugins/com.st.stm32cube.ide.mcu.externaltools.gnu-tools-for-stm32.10.3-2021.10.win32_1.0.0.202111181127/tools/bin/../lib/gcc/arm-none-eabi/10.3.1/thumb/v7e-m+fp/hard/crtbegin.o
                [!provide]                        PROVIDE (__fini_array_end = .)
                0x00000000080046d4                . = ALIGN (0x4)
                0x00000000080046d4                _sidata = LOADADDR (.data)

.data           0x0000000020000000        0xc load address 0x00000000080046d4
                0x0000000020000000                . = ALIGN (0x4)
                0x0000000020000000                _sdata = .
 *(.data)
 *(.data*)
 .data.SystemCoreClock
                0x0000000020000000        0x4 ./Core/Src/system_stm32f4xx.o
                0x0000000020000000                SystemCoreClock
 .data.uwTickPrio
                0x0000000020000004        0x4 ./Drivers/STM32F4xx_HAL_Driver/Src/stm32f4xx_hal.o
                0x0000000020000004                uwTickPrio
 .data.uwTickFreq
                0x0000000020000008        0x1 ./Drivers/STM32F4xx_HAL_Driver/Src/stm32f4xx_hal.o
                0x0000000020000008                uwTickFreq
 *(.RamFunc)
 *(.RamFunc*)
                0x000000002000000c                . = ALIGN (0x4)
 *fill*         0x0000000020000009        0x3 
                0x000000002000000c                _edata = .
                0x00000000080046e0                _siccmram = LOADADDR (.ccmram)

.igot.plt       0x000000002000000c        0x0 load address 0x00000000080046e0
 .igot.plt      0x000000002000000c        0x0 c:/st/stm32cubeide_1.9.0/stm32cubeide/plugins/com.st.stm32cube.ide.mcu.externaltools.gnu-tools-for-stm32.10.3-2021.10.win32_1.0.0.202111181127/tools/bin/../lib/gcc/arm-none-eabi/10.3.1/thumb/v7e-m+fp/hard/crtbegin.o

.ccmram         0x0000000010000000        0x0 load address 0x00000000080046e0
                0x0000000010000000                . = ALIGN (0x4)
                0x0000000010000000                _sccmram = .
 *(.ccmram)
 *(.ccmram*)
                0x0000000010000000                . = ALIGN (0x4)
                0x0000000010000000                _eccmram = .
                0x0000000010000000                . = ALIGN (0x4)

.bss            0x000000002000000c      0x870
                0x000000002000000c                _sbss = .
                0x000000002000000c                __bss_start__ = _sbss
 *(.bss)
 .bss           0x000000002000000c       0x1c c:/st/stm32cubeide_1.9.0/stm32cubeide/plugins/com.st.stm32cube.ide.mcu.externaltools.gnu-tools-for-stm32.10.3-2021.10.win32_1.0.0.202111181127/tools/bin/../lib/gcc/arm-none-eabi/10.3.1/thumb/v7e-m+fp/hard/crtbegin.o
 *(.bss*)
 .bss.test      0x0000000020000028        0x6 ./Core/Src/main.o
 *fill*         0x000000002000002e        0x2 
 .bss.TxConfig  0x0000000020000030       0x38 ./Core/Src/main.o
                0x0000000020000030                TxConfig
 .bss.DMARxDscrTab
                0x0000000020000068       0xa0 ./Core/Src/main.o
                0x0000000020000068                DMARxDscrTab
 .bss.DMATxDscrTab
                0x0000000020000108       0xa0 ./Core/Src/main.o
                0x0000000020000108                DMATxDscrTab
 .bss.heth      0x00000000200001a8       0xb0 ./Core/Src/main.o
                0x00000000200001a8                heth
 .bss.huart3    0x0000000020000258       0x44 ./Core/Src/main.o
                0x0000000020000258                huart3
 .bss.hdma_usart3_rx
                0x000000002000029c       0x60 ./Core/Src/main.o
                0x000000002000029c                hdma_usart3_rx
 .bss.hdma_usart3_tx
                0x00000000200002fc       0x60 ./Core/Src/main.o
                0x00000000200002fc                hdma_usart3_tx
 .bss.hpcd_USB_OTG_FS
                0x000000002000035c      0x50c ./Core/Src/main.o
                0x000000002000035c                hpcd_USB_OTG_FS
 .bss.MACAddr.0
                0x0000000020000868        0x6 ./Core/Src/main.o
 *fill*         0x000000002000086e        0x2 
 .bss.test      0x0000000020000870        0x6 ./Core/Src/stm32f4xx_it.o
 *fill*         0x0000000020000876        0x2 
 .bss.uwTick    0x0000000020000878        0x4 ./Drivers/STM32F4xx_HAL_Driver/Src/stm32f4xx_hal.o
                0x0000000020000878                uwTick
 *(COMMON)
                0x000000002000087c                . = ALIGN (0x4)
                0x000000002000087c                _ebss = .
                0x000000002000087c                __bss_end__ = _ebss

._user_heap_stack
                0x000000002000087c      0x604
                0x0000000020000880                . = ALIGN (0x8)
 *fill*         0x000000002000087c        0x4 
                [!provide]                        PROVIDE (end = .)
                0x0000000020000880                PROVIDE (_end = .)
                0x0000000020000a80                . = (. + _Min_Heap_Size)
 *fill*         0x0000000020000880      0x200 
                0x0000000020000e80                . = (. + _Min_Stack_Size)
 *fill*         0x0000000020000a80      0x400 
                0x0000000020000e80                . = ALIGN (0x8)

/DISCARD/
 libc.a(*)
 libm.a(*)
 libgcc.a(*)

.ARM.attributes
                0x0000000000000000       0x30
 *(.ARM.attributes)
 .ARM.attributes
                0x0000000000000000       0x1e c:/st/stm32cubeide_1.9.0/stm32cubeide/plugins/com.st.stm32cube.ide.mcu.externaltools.gnu-tools-for-stm32.10.3-2021.10.win32_1.0.0.202111181127/tools/bin/../lib/gcc/arm-none-eabi/10.3.1/thumb/v7e-m+fp/hard/crti.o
 .ARM.attributes
                0x000000000000001e       0x34 c:/st/stm32cubeide_1.9.0/stm32cubeide/plugins/com.st.stm32cube.ide.mcu.externaltools.gnu-tools-for-stm32.10.3-2021.10.win32_1.0.0.202111181127/tools/bin/../lib/gcc/arm-none-eabi/10.3.1/thumb/v7e-m+fp/hard/crtbegin.o
 .ARM.attributes
                0x0000000000000052       0x34 ./Core/Src/main.o
 .ARM.attributes
                0x0000000000000086       0x34 ./Core/Src/stm32f4xx_hal_msp.o
 .ARM.attributes
                0x00000000000000ba       0x34 ./Core/Src/stm32f4xx_it.o
 .ARM.attributes
                0x00000000000000ee       0x34 ./Core/Src/system_stm32f4xx.o
 .ARM.attributes
                0x0000000000000122       0x21 ./Core/Startup/startup_stm32f429zitx.o
 .ARM.attributes
                0x0000000000000143       0x34 ./Drivers/STM32F4xx_HAL_Driver/Src/stm32f4xx_hal.o
 .ARM.attributes
                0x0000000000000177       0x34 ./Drivers/STM32F4xx_HAL_Driver/Src/stm32f4xx_hal_cortex.o
 .ARM.attributes
                0x00000000000001ab       0x34 ./Drivers/STM32F4xx_HAL_Driver/Src/stm32f4xx_hal_dma.o
 .ARM.attributes
                0x00000000000001df       0x34 ./Drivers/STM32F4xx_HAL_Driver/Src/stm32f4xx_hal_eth.o
 .ARM.attributes
                0x0000000000000213       0x34 ./Drivers/STM32F4xx_HAL_Driver/Src/stm32f4xx_hal_gpio.o
 .ARM.attributes
                0x0000000000000247       0x34 ./Drivers/STM32F4xx_HAL_Driver/Src/stm32f4xx_hal_pcd.o
 .ARM.attributes
                0x000000000000027b       0x34 ./Drivers/STM32F4xx_HAL_Driver/Src/stm32f4xx_hal_rcc.o
 .ARM.attributes
                0x00000000000002af       0x34 ./Drivers/STM32F4xx_HAL_Driver/Src/stm32f4xx_hal_uart.o
 .ARM.attributes
                0x00000000000002e3       0x34 ./Drivers/STM32F4xx_HAL_Driver/Src/stm32f4xx_ll_usb.o
 .ARM.attributes
                0x0000000000000317       0x34 c:/st/stm32cubeide_1.9.0/stm32cubeide/plugins/com.st.stm32cube.ide.mcu.externaltools.gnu-tools-for-stm32.10.3-2021.10.win32_1.0.0.202111181127/tools/bin/../lib/gcc/arm-none-eabi/10.3.1/../../../../arm-none-eabi/lib/thumb/v7e-m+fp/hard\libc_nano.a(lib_a-init.o)
 .ARM.attributes
                0x000000000000034b       0x34 c:/st/stm32cubeide_1.9.0/stm32cubeide/plugins/com.st.stm32cube.ide.mcu.externaltools.gnu-tools-for-stm32.10.3-2021.10.win32_1.0.0.202111181127/tools/bin/../lib/gcc/arm-none-eabi/10.3.1/../../../../arm-none-eabi/lib/thumb/v7e-m+fp/hard\libc_nano.a(lib_a-memset.o)
 .ARM.attributes
                0x000000000000037f       0x34 c:/st/stm32cubeide_1.9.0/stm32cubeide/plugins/com.st.stm32cube.ide.mcu.externaltools.gnu-tools-for-stm32.10.3-2021.10.win32_1.0.0.202111181127/tools/bin/../lib/gcc/arm-none-eabi/10.3.1/../../../../arm-none-eabi/lib/thumb/v7e-m+fp/hard\libc_nano.a(lib_a-strchr.o)
 .ARM.attributes
                0x00000000000003b3       0x34 c:/st/stm32cubeide_1.9.0/stm32cubeide/plugins/com.st.stm32cube.ide.mcu.externaltools.gnu-tools-for-stm32.10.3-2021.10.win32_1.0.0.202111181127/tools/bin/../lib/gcc/arm-none-eabi/10.3.1/../../../../arm-none-eabi/lib/thumb/v7e-m+fp/hard\libc_nano.a(lib_a-strncmp.o)
 .ARM.attributes
                0x00000000000003e7       0x1e c:/st/stm32cubeide_1.9.0/stm32cubeide/plugins/com.st.stm32cube.ide.mcu.externaltools.gnu-tools-for-stm32.10.3-2021.10.win32_1.0.0.202111181127/tools/bin/../lib/gcc/arm-none-eabi/10.3.1/thumb/v7e-m+fp/hard\libgcc.a(_aeabi_uldivmod.o)
 .ARM.attributes
                0x0000000000000405       0x34 c:/st/stm32cubeide_1.9.0/stm32cubeide/plugins/com.st.stm32cube.ide.mcu.externaltools.gnu-tools-for-stm32.10.3-2021.10.win32_1.0.0.202111181127/tools/bin/../lib/gcc/arm-none-eabi/10.3.1/thumb/v7e-m+fp/hard\libgcc.a(_udivmoddi4.o)
 .ARM.attributes
                0x0000000000000439       0x1e c:/st/stm32cubeide_1.9.0/stm32cubeide/plugins/com.st.stm32cube.ide.mcu.externaltools.gnu-tools-for-stm32.10.3-2021.10.win32_1.0.0.202111181127/tools/bin/../lib/gcc/arm-none-eabi/10.3.1/thumb/v7e-m+fp/hard\libgcc.a(_dvmd_tls.o)
 .ARM.attributes
                0x0000000000000457       0x1e c:/st/stm32cubeide_1.9.0/stm32cubeide/plugins/com.st.stm32cube.ide.mcu.externaltools.gnu-tools-for-stm32.10.3-2021.10.win32_1.0.0.202111181127/tools/bin/../lib/gcc/arm-none-eabi/10.3.1/thumb/v7e-m+fp/hard/crtn.o
OUTPUT(yeni_uart.elf elf32-littlearm)
LOAD linker stubs
LOAD c:/st/stm32cubeide_1.9.0/stm32cubeide/plugins/com.st.stm32cube.ide.mcu.externaltools.gnu-tools-for-stm32.10.3-2021.10.win32_1.0.0.202111181127/tools/bin/../lib/gcc/arm-none-eabi/10.3.1/../../../../arm-none-eabi/lib/thumb/v7e-m+fp/hard\libc.a
LOAD c:/st/stm32cubeide_1.9.0/stm32cubeide/plugins/com.st.stm32cube.ide.mcu.externaltools.gnu-tools-for-stm32.10.3-2021.10.win32_1.0.0.202111181127/tools/bin/../lib/gcc/arm-none-eabi/10.3.1/../../../../arm-none-eabi/lib/thumb/v7e-m+fp/hard\libm.a
LOAD c:/st/stm32cubeide_1.9.0/stm32cubeide/plugins/com.st.stm32cube.ide.mcu.externaltools.gnu-tools-for-stm32.10.3-2021.10.win32_1.0.0.202111181127/tools/bin/../lib/gcc/arm-none-eabi/10.3.1/thumb/v7e-m+fp/hard\libgcc.a

.debug_info     0x0000000000000000    0x10113
 .debug_info    0x0000000000000000     0x1f08 ./Core/Src/main.o
 .debug_info    0x0000000000001f08     0x1ba6 ./Core/Src/stm32f4xx_hal_msp.o
 .debug_info    0x0000000000003aae      0x949 ./Core/Src/stm32f4xx_it.o
 .debug_info    0x00000000000043f7      0x53f ./Core/Src/system_stm32f4xx.o
 .debug_info    0x0000000000004936       0x22 ./Core/Startup/startup_stm32f429zitx.o
 .debug_info    0x0000000000004958      0x9f4 ./Drivers/STM32F4xx_HAL_Driver/Src/stm32f4xx_hal.o
 .debug_info    0x000000000000534c      0xe51 ./Drivers/STM32F4xx_HAL_Driver/Src/stm32f4xx_hal_cortex.o
 .debug_info    0x000000000000619d      0x94f ./Drivers/STM32F4xx_HAL_Driver/Src/stm32f4xx_hal_dma.o
 .debug_info    0x0000000000006aec     0x21c9 ./Drivers/STM32F4xx_HAL_Driver/Src/stm32f4xx_hal_eth.o
 .debug_info    0x0000000000008cb5      0x786 ./Drivers/STM32F4xx_HAL_Driver/Src/stm32f4xx_hal_gpio.o
 .debug_info    0x000000000000943b     0x1695 ./Drivers/STM32F4xx_HAL_Driver/Src/stm32f4xx_hal_pcd.o
 .debug_info    0x000000000000aad0      0x982 ./Drivers/STM32F4xx_HAL_Driver/Src/stm32f4xx_hal_rcc.o
 .debug_info    0x000000000000b452     0x322a ./Drivers/STM32F4xx_HAL_Driver/Src/stm32f4xx_hal_uart.o
 .debug_info    0x000000000000e67c     0x1a97 ./Drivers/STM32F4xx_HAL_Driver/Src/stm32f4xx_ll_usb.o

.debug_abbrev   0x0000000000000000     0x20bd
 .debug_abbrev  0x0000000000000000      0x329 ./Core/Src/main.o
 .debug_abbrev  0x0000000000000329      0x2aa ./Core/Src/stm32f4xx_hal_msp.o
 .debug_abbrev  0x00000000000005d3      0x275 ./Core/Src/stm32f4xx_it.o
 .debug_abbrev  0x0000000000000848      0x116 ./Core/Src/system_stm32f4xx.o
 .debug_abbrev  0x000000000000095e       0x12 ./Core/Startup/startup_stm32f429zitx.o
 .debug_abbrev  0x0000000000000970      0x20d ./Drivers/STM32F4xx_HAL_Driver/Src/stm32f4xx_hal.o
 .debug_abbrev  0x0000000000000b7d      0x316 ./Drivers/STM32F4xx_HAL_Driver/Src/stm32f4xx_hal_cortex.o
 .debug_abbrev  0x0000000000000e93      0x25b ./Drivers/STM32F4xx_HAL_Driver/Src/stm32f4xx_hal_dma.o
 .debug_abbrev  0x00000000000010ee      0x2d3 ./Drivers/STM32F4xx_HAL_Driver/Src/stm32f4xx_hal_eth.o
 .debug_abbrev  0x00000000000013c1      0x1c4 ./Drivers/STM32F4xx_HAL_Driver/Src/stm32f4xx_hal_gpio.o
 .debug_abbrev  0x0000000000001585      0x2bb ./Drivers/STM32F4xx_HAL_Driver/Src/stm32f4xx_hal_pcd.o
 .debug_abbrev  0x0000000000001840      0x2aa ./Drivers/STM32F4xx_HAL_Driver/Src/stm32f4xx_hal_rcc.o
 .debug_abbrev  0x0000000000001aea      0x33d ./Drivers/STM32F4xx_HAL_Driver/Src/stm32f4xx_hal_uart.o
 .debug_abbrev  0x0000000000001e27      0x296 ./Drivers/STM32F4xx_HAL_Driver/Src/stm32f4xx_ll_usb.o

.debug_aranges  0x0000000000000000      0xbd8
 .debug_aranges
                0x0000000000000000       0x58 ./Core/Src/main.o
 .debug_aranges
                0x0000000000000058       0x50 ./Core/Src/stm32f4xx_hal_msp.o
 .debug_aranges
                0x00000000000000a8       0x90 ./Core/Src/stm32f4xx_it.o
 .debug_aranges
                0x0000000000000138       0x28 ./Core/Src/system_stm32f4xx.o
 .debug_aranges
                0x0000000000000160       0x28 ./Core/Startup/startup_stm32f429zitx.o
 .debug_aranges
                0x0000000000000188      0x100 ./Drivers/STM32F4xx_HAL_Driver/Src/stm32f4xx_hal.o
 .debug_aranges
                0x0000000000000288      0x118 ./Drivers/STM32F4xx_HAL_Driver/Src/stm32f4xx_hal_cortex.o
 .debug_aranges
                0x00000000000003a0       0x90 ./Drivers/STM32F4xx_HAL_Driver/Src/stm32f4xx_hal_dma.o
 .debug_aranges
                0x0000000000000430      0x1e0 ./Drivers/STM32F4xx_HAL_Driver/Src/stm32f4xx_hal_eth.o
 .debug_aranges
                0x0000000000000610       0x58 ./Drivers/STM32F4xx_HAL_Driver/Src/stm32f4xx_hal_gpio.o
 .debug_aranges
                0x0000000000000668      0x148 ./Drivers/STM32F4xx_HAL_Driver/Src/stm32f4xx_hal_pcd.o
 .debug_aranges
                0x00000000000007b0       0x88 ./Drivers/STM32F4xx_HAL_Driver/Src/stm32f4xx_hal_rcc.o
 .debug_aranges
                0x0000000000000838      0x200 ./Drivers/STM32F4xx_HAL_Driver/Src/stm32f4xx_hal_uart.o
 .debug_aranges
                0x0000000000000a38      0x1a0 ./Drivers/STM32F4xx_HAL_Driver/Src/stm32f4xx_ll_usb.o

.debug_ranges   0x0000000000000000      0xb30
 .debug_ranges  0x0000000000000000       0x48 ./Core/Src/main.o
 .debug_ranges  0x0000000000000048       0x40 ./Core/Src/stm32f4xx_hal_msp.o
 .debug_ranges  0x0000000000000088       0x80 ./Core/Src/stm32f4xx_it.o
 .debug_ranges  0x0000000000000108       0x18 ./Core/Src/system_stm32f4xx.o
 .debug_ranges  0x0000000000000120       0x20 ./Core/Startup/startup_stm32f429zitx.o
 .debug_ranges  0x0000000000000140       0xf0 ./Drivers/STM32F4xx_HAL_Driver/Src/stm32f4xx_hal.o
 .debug_ranges  0x0000000000000230      0x108 ./Drivers/STM32F4xx_HAL_Driver/Src/stm32f4xx_hal_cortex.o
 .debug_ranges  0x0000000000000338       0x80 ./Drivers/STM32F4xx_HAL_Driver/Src/stm32f4xx_hal_dma.o
 .debug_ranges  0x00000000000003b8      0x1d0 ./Drivers/STM32F4xx_HAL_Driver/Src/stm32f4xx_hal_eth.o
 .debug_ranges  0x0000000000000588       0x48 ./Drivers/STM32F4xx_HAL_Driver/Src/stm32f4xx_hal_gpio.o
 .debug_ranges  0x00000000000005d0      0x138 ./Drivers/STM32F4xx_HAL_Driver/Src/stm32f4xx_hal_pcd.o
 .debug_ranges  0x0000000000000708       0x78 ./Drivers/STM32F4xx_HAL_Driver/Src/stm32f4xx_hal_rcc.o
 .debug_ranges  0x0000000000000780      0x220 ./Drivers/STM32F4xx_HAL_Driver/Src/stm32f4xx_hal_uart.o
 .debug_ranges  0x00000000000009a0      0x190 ./Drivers/STM32F4xx_HAL_Driver/Src/stm32f4xx_ll_usb.o

.debug_macro    0x0000000000000000    0x23d5f
 .debug_macro   0x0000000000000000      0x2cf ./Core/Src/main.o
 .debug_macro   0x00000000000002cf      0xa78 ./Core/Src/main.o
 .debug_macro   0x0000000000000d47      0x2af ./Core/Src/main.o
 .debug_macro   0x0000000000000ff6       0x2e ./Core/Src/main.o
 .debug_macro   0x0000000000001024       0x28 ./Core/Src/main.o
 .debug_macro   0x000000000000104c       0x22 ./Core/Src/main.o
 .debug_macro   0x000000000000106e       0x8e ./Core/Src/main.o
 .debug_macro   0x00000000000010fc       0x51 ./Core/Src/main.o
 .debug_macro   0x000000000000114d      0x103 ./Core/Src/main.o
 .debug_macro   0x0000000000001250       0x6a ./Core/Src/main.o
 .debug_macro   0x00000000000012ba      0x1df ./Core/Src/main.o
 .debug_macro   0x0000000000001499       0x1c ./Core/Src/main.o
 .debug_macro   0x00000000000014b5       0x22 ./Core/Src/main.o
 .debug_macro   0x00000000000014d7       0xd9 ./Core/Src/main.o
 .debug_macro   0x00000000000015b0     0x102d ./Core/Src/main.o
 .debug_macro   0x00000000000025dd      0x11f ./Core/Src/main.o
 .debug_macro   0x00000000000026fc    0x17fc0 ./Core/Src/main.o
 .debug_macro   0x000000000001a6bc       0x6d ./Core/Src/main.o
 .debug_macro   0x000000000001a729     0x36f5 ./Core/Src/main.o
 .debug_macro   0x000000000001de1e      0x174 ./Core/Src/main.o
 .debug_macro   0x000000000001df92       0x5c ./Core/Src/main.o
 .debug_macro   0x000000000001dfee      0xca5 ./Core/Src/main.o
 .debug_macro   0x000000000001ec93      0x9fe ./Core/Src/main.o
 .debug_macro   0x000000000001f691      0x115 ./Core/Src/main.o
 .debug_macro   0x000000000001f7a6      0x156 ./Core/Src/main.o
 .debug_macro   0x000000000001f8fc       0xa5 ./Core/Src/main.o
 .debug_macro   0x000000000001f9a1      0x182 ./Core/Src/main.o
 .debug_macro   0x000000000001fb23      0x287 ./Core/Src/main.o
 .debug_macro   0x000000000001fdaa       0x5f ./Core/Src/main.o
 .debug_macro   0x000000000001fe09      0x236 ./Core/Src/main.o
 .debug_macro   0x000000000002003f      0xd44 ./Core/Src/main.o
 .debug_macro   0x0000000000020d83      0x132 ./Core/Src/main.o
 .debug_macro   0x0000000000020eb5      0x41d ./Core/Src/main.o
 .debug_macro   0x00000000000212d2       0x2e ./Core/Src/main.o
 .debug_macro   0x0000000000021300      0x11a ./Core/Src/main.o
 .debug_macro   0x000000000002141a       0xe2 ./Core/Src/main.o
 .debug_macro   0x00000000000214fc       0x89 ./Core/Src/main.o
 .debug_macro   0x0000000000021585      0x295 ./Core/Src/main.o
 .debug_macro   0x000000000002181a      0x248 ./Core/Src/main.o
 .debug_macro   0x0000000000021a62       0xba ./Core/Src/main.o
 .debug_macro   0x0000000000021b1c      0x134 ./Core/Src/main.o
 .debug_macro   0x0000000000021c50      0x136 ./Core/Src/main.o
 .debug_macro   0x0000000000021d86       0x52 ./Core/Src/main.o
 .debug_macro   0x0000000000021dd8       0x1e ./Core/Src/main.o
 .debug_macro   0x0000000000021df6       0x3c ./Core/Src/main.o
 .debug_macro   0x0000000000021e32       0x34 ./Core/Src/main.o
 .debug_macro   0x0000000000021e66       0x16 ./Core/Src/main.o
 .debug_macro   0x0000000000021e7c       0x43 ./Core/Src/main.o
 .debug_macro   0x0000000000021ebf       0x34 ./Core/Src/main.o
 .debug_macro   0x0000000000021ef3       0x10 ./Core/Src/main.o
 .debug_macro   0x0000000000021f03       0x58 ./Core/Src/main.o
 .debug_macro   0x0000000000021f5b       0x71 ./Core/Src/main.o
 .debug_macro   0x0000000000021fcc       0x1c ./Core/Src/main.o
 .debug_macro   0x0000000000021fe8      0x12a ./Core/Src/main.o
 .debug_macro   0x0000000000022112      0x341 ./Core/Src/main.o
 .debug_macro   0x0000000000022453       0x10 ./Core/Src/main.o
 .debug_macro   0x0000000000022463       0x35 ./Core/Src/main.o
 .debug_macro   0x0000000000022498       0x20 ./Core/Src/main.o
 .debug_macro   0x00000000000224b8      0x201 ./Core/Src/stm32f4xx_hal_msp.o
 .debug_macro   0x00000000000226b9      0x205 ./Core/Src/stm32f4xx_it.o
 .debug_macro   0x00000000000228be      0x1e8 ./Core/Src/system_stm32f4xx.o
 .debug_macro   0x0000000000022aa6      0x248 ./Drivers/STM32F4xx_HAL_Driver/Src/stm32f4xx_hal.o
 .debug_macro   0x0000000000022cee      0x1e8 ./Drivers/STM32F4xx_HAL_Driver/Src/stm32f4xx_hal_cortex.o
 .debug_macro   0x0000000000022ed6      0x1ee ./Drivers/STM32F4xx_HAL_Driver/Src/stm32f4xx_hal_dma.o
 .debug_macro   0x00000000000230c4      0x2c2 ./Drivers/STM32F4xx_HAL_Driver/Src/stm32f4xx_hal_eth.o
 .debug_macro   0x0000000000023386      0x1ee ./Drivers/STM32F4xx_HAL_Driver/Src/stm32f4xx_hal_gpio.o
 .debug_macro   0x0000000000023574      0x1f4 ./Drivers/STM32F4xx_HAL_Driver/Src/stm32f4xx_hal_pcd.o
 .debug_macro   0x0000000000023768      0x20c ./Drivers/STM32F4xx_HAL_Driver/Src/stm32f4xx_hal_rcc.o
 .debug_macro   0x0000000000023974      0x203 ./Drivers/STM32F4xx_HAL_Driver/Src/stm32f4xx_hal_uart.o
 .debug_macro   0x0000000000023b77      0x1e8 ./Drivers/STM32F4xx_HAL_Driver/Src/stm32f4xx_ll_usb.o

.debug_line     0x0000000000000000     0xd2e4
 .debug_line    0x0000000000000000      0x9eb ./Core/Src/main.o
 .debug_line    0x00000000000009eb      0x878 ./Core/Src/stm32f4xx_hal_msp.o
 .debug_line    0x0000000000001263      0x865 ./Core/Src/stm32f4xx_it.o
 .debug_line    0x0000000000001ac8      0x766 ./Core/Src/system_stm32f4xx.o
 .debug_line    0x000000000000222e       0x88 ./Core/Startup/startup_stm32f429zitx.o
 .debug_line    0x00000000000022b6      0xa02 ./Drivers/STM32F4xx_HAL_Driver/Src/stm32f4xx_hal.o
 .debug_line    0x0000000000002cb8      0xc7b ./Drivers/STM32F4xx_HAL_Driver/Src/stm32f4xx_hal_cortex.o
 .debug_line    0x0000000000003933      0xf30 ./Drivers/STM32F4xx_HAL_Driver/Src/stm32f4xx_hal_dma.o
 .debug_line    0x0000000000004863     0x1824 ./Drivers/STM32F4xx_HAL_Driver/Src/stm32f4xx_hal_eth.o
 .debug_line    0x0000000000006087      0xb68 ./Drivers/STM32F4xx_HAL_Driver/Src/stm32f4xx_hal_gpio.o
 .debug_line    0x0000000000006bef     0x146f ./Drivers/STM32F4xx_HAL_Driver/Src/stm32f4xx_hal_pcd.o
 .debug_line    0x000000000000805e      0xd48 ./Drivers/STM32F4xx_HAL_Driver/Src/stm32f4xx_hal_rcc.o
 .debug_line    0x0000000000008da6     0x2ab5 ./Drivers/STM32F4xx_HAL_Driver/Src/stm32f4xx_hal_uart.o
 .debug_line    0x000000000000b85b     0x1a89 ./Drivers/STM32F4xx_HAL_Driver/Src/stm32f4xx_ll_usb.o

.debug_str      0x0000000000000000    0xd9dbd
 .debug_str     0x0000000000000000    0xd6616 ./Core/Src/main.o
                                      0xd69a3 (size before relaxing)
 .debug_str     0x00000000000d6616       0xdf ./Core/Src/stm32f4xx_hal_msp.o
                                      0xd38dc (size before relaxing)
 .debug_str     0x00000000000d66f5      0x1aa ./Core/Src/stm32f4xx_it.o
                                      0xd2a5b (size before relaxing)
 .debug_str     0x00000000000d689f       0xdb ./Core/Src/system_stm32f4xx.o
                                      0xd20b9 (size before relaxing)
 .debug_str     0x00000000000d697a       0x36 ./Core/Startup/startup_stm32f429zitx.o
                                         0x7f (size before relaxing)
 .debug_str     0x00000000000d69b0      0x652 ./Drivers/STM32F4xx_HAL_Driver/Src/stm32f4xx_hal.o
                                      0xd2cdc (size before relaxing)
 .debug_str     0x00000000000d7002      0x321 ./Drivers/STM32F4xx_HAL_Driver/Src/stm32f4xx_hal_cortex.o
                                      0xd29c1 (size before relaxing)
 .debug_str     0x00000000000d7323      0x2e8 ./Drivers/STM32F4xx_HAL_Driver/Src/stm32f4xx_hal_dma.o
                                      0xd24c0 (size before relaxing)
 .debug_str     0x00000000000d760b     0x1306 ./Drivers/STM32F4xx_HAL_Driver/Src/stm32f4xx_hal_eth.o
                                      0xd3a62 (size before relaxing)
 .debug_str     0x00000000000d8911       0xb5 ./Drivers/STM32F4xx_HAL_Driver/Src/stm32f4xx_hal_gpio.o
                                      0xd2234 (size before relaxing)
 .debug_str     0x00000000000d89c6      0x7fd ./Drivers/STM32F4xx_HAL_Driver/Src/stm32f4xx_hal_pcd.o
                                      0xd2b68 (size before relaxing)
 .debug_str     0x00000000000d91c3      0x21f ./Drivers/STM32F4xx_HAL_Driver/Src/stm32f4xx_hal_rcc.o
                                      0xd24ed (size before relaxing)
 .debug_str     0x00000000000d93e2      0x59c ./Drivers/STM32F4xx_HAL_Driver/Src/stm32f4xx_hal_uart.o
                                      0xd2f84 (size before relaxing)
 .debug_str     0x00000000000d997e      0x43f ./Drivers/STM32F4xx_HAL_Driver/Src/stm32f4xx_ll_usb.o
                                      0xd29d0 (size before relaxing)

.comment        0x0000000000000000       0x50
 .comment       0x0000000000000000       0x50 ./Core/Src/main.o
                                         0x51 (size before relaxing)
 .comment       0x0000000000000050       0x51 ./Core/Src/stm32f4xx_hal_msp.o
 .comment       0x0000000000000050       0x51 ./Core/Src/stm32f4xx_it.o
 .comment       0x0000000000000050       0x51 ./Core/Src/system_stm32f4xx.o
 .comment       0x0000000000000050       0x51 ./Drivers/STM32F4xx_HAL_Driver/Src/stm32f4xx_hal.o
 .comment       0x0000000000000050       0x51 ./Drivers/STM32F4xx_HAL_Driver/Src/stm32f4xx_hal_cortex.o
 .comment       0x0000000000000050       0x51 ./Drivers/STM32F4xx_HAL_Driver/Src/stm32f4xx_hal_dma.o
 .comment       0x0000000000000050       0x51 ./Drivers/STM32F4xx_HAL_Driver/Src/stm32f4xx_hal_eth.o
 .comment       0x0000000000000050       0x51 ./Drivers/STM32F4xx_HAL_Driver/Src/stm32f4xx_hal_gpio.o
 .comment       0x0000000000000050       0x51 ./Drivers/STM32F4xx_HAL_Driver/Src/stm32f4xx_hal_pcd.o
 .comment       0x0000000000000050       0x51 ./Drivers/STM32F4xx_HAL_Driver/Src/stm32f4xx_hal_rcc.o
 .comment       0x0000000000000050       0x51 ./Drivers/STM32F4xx_HAL_Driver/Src/stm32f4xx_hal_uart.o
 .comment       0x0000000000000050       0x51 ./Drivers/STM32F4xx_HAL_Driver/Src/stm32f4xx_ll_usb.o

.debug_frame    0x0000000000000000     0x3248
 .debug_frame   0x0000000000000000      0x104 ./Core/Src/main.o
 .debug_frame   0x0000000000000104      0x110 ./Core/Src/stm32f4xx_hal_msp.o
 .debug_frame   0x0000000000000214      0x1bc ./Core/Src/stm32f4xx_it.o
 .debug_frame   0x00000000000003d0       0x58 ./Core/Src/system_stm32f4xx.o
 .debug_frame   0x0000000000000428      0x3b4 ./Drivers/STM32F4xx_HAL_Driver/Src/stm32f4xx_hal.o
 .debug_frame   0x00000000000007dc      0x498 ./Drivers/STM32F4xx_HAL_Driver/Src/stm32f4xx_hal_cortex.o
 .debug_frame   0x0000000000000c74      0x250 ./Drivers/STM32F4xx_HAL_Driver/Src/stm32f4xx_hal_dma.o
 .debug_frame   0x0000000000000ec4      0x8a8 ./Drivers/STM32F4xx_HAL_Driver/Src/stm32f4xx_hal_eth.o
 .debug_frame   0x000000000000176c      0x14c ./Drivers/STM32F4xx_HAL_Driver/Src/stm32f4xx_hal_gpio.o
 .debug_frame   0x00000000000018b8      0x5bc ./Drivers/STM32F4xx_HAL_Driver/Src/stm32f4xx_hal_pcd.o
 .debug_frame   0x0000000000001e74      0x1f4 ./Drivers/STM32F4xx_HAL_Driver/Src/stm32f4xx_hal_rcc.o
 .debug_frame   0x0000000000002068      0x92c ./Drivers/STM32F4xx_HAL_Driver/Src/stm32f4xx_hal_uart.o
 .debug_frame   0x0000000000002994      0x7c0 ./Drivers/STM32F4xx_HAL_Driver/Src/stm32f4xx_ll_usb.o
 .debug_frame   0x0000000000003154       0x2c c:/st/stm32cubeide_1.9.0/stm32cubeide/plugins/com.st.stm32cube.ide.mcu.externaltools.gnu-tools-for-stm32.10.3-2021.10.win32_1.0.0.202111181127/tools/bin/../lib/gcc/arm-none-eabi/10.3.1/../../../../arm-none-eabi/lib/thumb/v7e-m+fp/hard\libc_nano.a(lib_a-init.o)
 .debug_frame   0x0000000000003180       0x20 c:/st/stm32cubeide_1.9.0/stm32cubeide/plugins/com.st.stm32cube.ide.mcu.externaltools.gnu-tools-for-stm32.10.3-2021.10.win32_1.0.0.202111181127/tools/bin/../lib/gcc/arm-none-eabi/10.3.1/../../../../arm-none-eabi/lib/thumb/v7e-m+fp/hard\libc_nano.a(lib_a-memset.o)
 .debug_frame   0x00000000000031a0       0x20 c:/st/stm32cubeide_1.9.0/stm32cubeide/plugins/com.st.stm32cube.ide.mcu.externaltools.gnu-tools-for-stm32.10.3-2021.10.win32_1.0.0.202111181127/tools/bin/../lib/gcc/arm-none-eabi/10.3.1/../../../../arm-none-eabi/lib/thumb/v7e-m+fp/hard\libc_nano.a(lib_a-strchr.o)
 .debug_frame   0x00000000000031c0       0x28 c:/st/stm32cubeide_1.9.0/stm32cubeide/plugins/com.st.stm32cube.ide.mcu.externaltools.gnu-tools-for-stm32.10.3-2021.10.win32_1.0.0.202111181127/tools/bin/../lib/gcc/arm-none-eabi/10.3.1/../../../../arm-none-eabi/lib/thumb/v7e-m+fp/hard\libc_nano.a(lib_a-strncmp.o)
 .debug_frame   0x00000000000031e8       0x2c c:/st/stm32cubeide_1.9.0/stm32cubeide/plugins/com.st.stm32cube.ide.mcu.externaltools.gnu-tools-for-stm32.10.3-2021.10.win32_1.0.0.202111181127/tools/bin/../lib/gcc/arm-none-eabi/10.3.1/thumb/v7e-m+fp/hard\libgcc.a(_aeabi_uldivmod.o)
 .debug_frame   0x0000000000003214       0x34 c:/st/stm32cubeide_1.9.0/stm32cubeide/plugins/com.st.stm32cube.ide.mcu.externaltools.gnu-tools-for-stm32.10.3-2021.10.win32_1.0.0.202111181127/tools/bin/../lib/gcc/arm-none-eabi/10.3.1/thumb/v7e-m+fp/hard\libgcc.a(_udivmoddi4.o)
