../Core/Src/tcpServerRAW.c:384:13:tcp_server_send	24	static
../Core/Src/tcpServerRAW.c:293:13:tcp_server_error	8	static
../Core/Src/tcpServerRAW.c:466:13:tcp_server_handle	128	static
../Core/Src/tcpServerRAW.c:444:13:tcp_server_connection_close	16	static
../Core/Src/tcpServerRAW.c:137:14:tcp_server_accept	16	static
../Core/Src/tcpServerRAW.c:313:14:tcp_server_poll	16	static
../Core/Src/tcpServerRAW.c:353:14:tcp_server_sent	16	static
../Core/Src/tcpServerRAW.c:190:14:tcp_server_recv	24	static
../Core/Src/tcpServerRAW.c:101:6:tcp_server_init	16	static
