../Core/Src/main.c:81:6:HAL_UARTEx_RxEventCallback	16	static
../Core/Src/main.c:103:5:main	16	static
../Core/Src/main.c:162:6:SystemClock_Config	88	static
../Core/Src/main.c:208:13:MX_ETH_Init	8	static
../Core/Src/main.c:257:13:MX_USART2_UART_Init	8	static
../Core/Src/main.c:290:13:MX_USART3_UART_Init	8	static
../Core/Src/main.c:323:13:MX_USB_OTG_FS_PCD_Init	8	static
../Core/Src/main.c:356:13:MX_DMA_Init	16	static
../Core/Src/main.c:374:13:MX_GPIO_Init	56	static
../Core/Src/main.c:430:6:HAL_GPIO_EXTI_Callback	16	static,ignoring_inline_asm
../Core/Src/main.c:445:6:Error_Handler	4	static,ignoring_inline_asm
