../LWIP/Target/ethernetif.c:573:9:ETH_PHY_IO_DeInit	0	static
../LWIP/Target/ethernetif.c:243:14:low_level_output	64	static
../LWIP/Target/ethernetif.c:412:6:pbuf_free_custom	8	static
../LWIP/Target/ethernetif.c:616:9:ETH_PHY_IO_GetTick	8	static
../LWIP/Target/ethernetif.c:556:9:ETH_PHY_IO_Init	8	static
../LWIP/Target/ethernetif.c:585:9:ETH_PHY_IO_ReadReg	8	static
../LWIP/Target/ethernetif.c:602:9:ETH_PHY_IO_WriteReg	8	static
../LWIP/Target/ethernetif.c:311:6:ethernetif_input	32	static
../LWIP/Target/ethernetif.c:434:7:sys_now	8	static
../LWIP/Target/ethernetif.c:447:6:HAL_ETH_MspInit	72	static
../LWIP/Target/ethernetif.c:510:6:HAL_ETH_MspDeInit	8	static
../LWIP/Target/ethernetif.c:625:6:ethernet_link_check_state	128	static
../LWIP/Target/ethernetif.c:361:7:ethernetif_init	32	static
../LWIP/Target/ethernetif.c:682:6:HAL_ETH_RxAllocateCallback	16	static
../LWIP/Target/ethernetif.c:704:6:HAL_ETH_RxLinkCallback	8	static
../LWIP/Target/ethernetif.c:741:6:HAL_ETH_TxFreeCallback	8	static
